[?25lproject: [1;mtest[0m • total: [1;m0s[0m • today: [1;m0s[0m

❯ [7mN[0mew task description...

   [;mtasks[0m                                                    
                                                            
  1 item                                                    
                                                            
│ [1mnew task[0m                                                  
│ now - 0s                                                  
                                                            
                                                            
                                                            
                                                            
                                                            
                                                            
                                                            
  esc cancel • enter start/stop timer • ctrl+c exit • ? more
[100D[1A[1A[1A[1A[1A[1A[1A[1A[1A[2K[1A[1A[1A[1A[1A[1A[1A[2K[1A[1A[100D[2Kproject: [1;mtest[0m • total: [1;m1s[0m • today: [1;m1s[0m
[1B❯ New task description...
[1B[1B[1B[1B[1B[1B│ now - 1s                                                  
[1B[1B[1B[1B[1B[1B[1B[1B[100D[1A[1A[1A[1A[1A[1A[2K[1A[2K[1A[1A[2K[1A[2K[1A[1A[2K[1A[1A[1A[1A[2K[1A[1A[100D[2Kproject: [1;mtest[0m • total: [1;m1s[0m • today: [1;m1s[0m
[1B❯ [7mN[0mew task description...
[1B[1B[1B  2 items                                                   
[1B│ [1manother task[0m                                              
│ now - 0s                                                  
[1B  new task                                                  
  now - 1s                                                  
[1B[1B[1B[1B[1B[100D[?25h[2K[?1002l[?1003l[?25h